exports[`test Should render description as text 1`] = `
<h4
  className={undefined}>
  test
</h4>
`;
