exports[`test should render correctly 1`] = `
<img
  alt="test_description"
  className={undefined}
  src="test_url" />
`;
