exports[`test other commmponent 1`] = `
<h1>
  boo
</h1>
`;
